cwd        /raven/u/certuer/iso_contr_herdcopar1_v2
aimanager  /raven/u/certuer/iso_contr_herdcopar1_v2/src/aimanager/__init__.py
/u/certuer/algorithmic-institutions/.venv/lib/python3.9/site-packages/torch_geometric/typing.py:110: UserWarning: An issue occurred while importing 'torch-sparse'. Disabling its usage. Stacktrace: libcusparse.so.11: cannot open shared object file: No such file or directory
  warnings.warn(f"An issue occurred while importing 'torch-sparse'. "
/raven/u/certuer/iso_contr_herdcopar1_v2/src/aimanager/generic/data.py:93: FutureWarning: Downcasting object dtype arrays on .fillna, .ffill, .bfill is deprecated and will change in a future version. Call result.infer_objects(copy=False) instead. To opt-in to the future behavior, set `pd.set_option('future.no_silent_downcasting', True)`
  df.groupby(["episode_id", "player_id"])["contribution_valid"]
fatal: not a git repository (or any parent up to mount point /raven)
Stopping at filesystem boundary (GIT_DISCOVERY_ACROSS_FILESYSTEM not set).
model     artifacts/artificial_humans/group_switching_contribution_50ep/model/architecture_node+edge+rnn__dataset_50ep__epochs_575.pt
  y_name=contribution y_levels=21 autoregressive=False
  x_encoding=['prev_contribution', 'prev_punishment', 'agent_group']
  edge_encoding=[]
data      experiments/2group_8agent_50ep.csv (episodes=100)
  train split experiments/baseline/2group_8agent_50ep_bline_train.csv: 40 episodes, 40 distinct games
  contribution default=9.0
  teacher-forced rows: episodes=40 agents=8 rounds=24
  rows=7457 cells=1814 cells>=2=1608 pairs=15090
  cell size histogram=[0, 206, 231, 228, 466, 201, 213, 194, 75]
  Phi_2 quadrature nodes=32, max abs err vs scipy mvn=2.220446049250313e-16

=== rho: pairwise-likelihood MLE (train split) ===
rho_hat                      0.06958238086256316
  pairwise nll(rho_hat)      55918.327592459405
  pairwise nll(0)            55941.28944827254
  2*(nll(0) - nll(rho_hat))  45.923711626266595  (pairwise LR, not chi2-calibrated)
  n_pairs=15090  nll evals=27  fit 0.95s
cluster bootstrap (200 resamples over 40 episodes)
  SE                         0.010418260898762315
  95% percentile CI          [0.04592661278794028, 0.0854596547235886]
  bootstrap min/max          0.03714875071909212 / 0.09852826610976997   [108.0s]

=== ACCEPTANCE GATE: round-trip recovery (3 synthetic datasets per rho) ===
rho_true   rho_hat MLE            bias                   rho_hat PIT (attenuated)
0.10       0.0916279266973586     -0.008372073302641406  0.07242040327576034
0.20       0.1929488161235473     -0.007051183876452705  0.15234566373602154
0.30       0.2906153906092968     -0.00938460939070318   0.22914878952026455
0.40       0.3905377402967158     -0.009462259703284237  0.306472262842488
0.50       0.49394446048921575    -0.006055539510784247  0.38797534327985356
max |bias| = 0.009462259703284237  -> PASS (tolerance 0.03)   [17.3s]

=== phi: lag-1 persistence of the group latent ===
cross-round pairs (all)      35317
  same participant (self)    6603  DIAGNOSTIC only
  different participants     28714  PRIMARY
  PRIMARY = cross-player: within-round rho is cross-player by construction and the
  AR(1) latent is a group-level object; self-pairs confound the individual serial
  stickiness the marginal model already conditions on via prev_contribution.
rho_lag1 cross-player        0.0806347085524179  PRIMARY
  pairwise nll(rho_lag1)     105743.05160499553
  2*(nll(0) - nll(rho_lag1)) 114.93605090121855
rho_lag1 all pairs           0.07733669483270429  DIAGNOSTIC
  2*(nll(0) - nll(rho_lag1)) 132.68545413503307
phi = rho_lag1_cross / rho   1.1588380212468576  PRIMARY
phi_allpairs (never used)    1.1114407681084841  DIAGNOSTIC
  the MLE grid is non-negative (0.0 to 0.9), so rho_lag1 = 0 is a
  boundary hit, read as no measurable persistence   [4.6s]
paired cluster bootstrap (200 resamples over 40 episodes, rho and rho_lag1 refit on the same draw)
  phi 95% percentile CI      [0.8256631146532615, 1.6415133722844082]
  phi bootstrap median       1.179254232832173
  phi SE                     0.1989463542879059  (a RATIO: heavy-tailed as the denominator approaches 0, no finite moments -- read the percentile CI, not this)
  degenerate draws (rho=0)   0
  draws with rho < 0.01      0
  rho draws min/max          0.0371487559197641 / 0.09852842795131692
  rho_lag1 min/mean/max      0.04464737277354727 / 0.07965739345378556 / 0.11170113726805356   [565.5s]
VERDICT: PHI KEPT

=== ATTENUATED DIAGNOSTIC: randomized-PIT moment estimator (R=20) ===
rho_pit (pair-weighted)      0.045726003288415626
  per-replicate min/max      0.039750783343099866 / 0.05406505578016504
  replicate sd               0.004352549243253774
cross-check per-cell weight  0.06191249308886164
cross-check ICC(1) one-way   0.06830136266431086
sensitivity mid-point PIT    0.04859206483001165
cluster bootstrap (1000 resamples, crossed with the 20 PIT replicates)
  SE                         0.007025671926485356
  95% percentile CI          [0.03151883033935444, 0.058756731720556066]

=== diagnostic splits only (never a selection criterion) ===
split                        rho MLE                 rho PIT (att.)
excluding round 0            0.07418470664583957     0.0479302224942149      rows=7149 cells>=2=1528 pairs=14643
rounds 0-7                   0.03450698559687487     0.028373955725232703    rows=2480 cells>=2=564 pairs=4742
rounds 8-15                  0.07363186867146107     0.043876566011849964    rows=2487 cells>=2=508 pairs=5351
rounds 16-23                 0.11868440333255369     0.06415574342800287     rows=2490 cells>=2=536 pairs=4997
cell size 2                  0.1970644411596869      0.14780103478383794     rows=462 cells>=2=231 pairs=231
cell size 3                  0.016840345907843213    0.015343370425799436    rows=684 cells>=2=228 pairs=684
cell size 4                  0.06738079983638633     0.04584089260050579     rows=1864 cells>=2=466 pairs=2796
cell size 5                  0.03823775947185171     0.02344338701848523     rows=1005 cells>=2=201 pairs=2010
cell size 6                  0.034691840720092765    0.023382314782955348    rows=1278 cells>=2=213 pairs=3195
cell size 7                  0.10904156084882881     0.07305559577346019     rows=1358 cells>=2=194 pairs=4074
cell size 8                  0.0704006119263048      0.04976473028269985     rows=600 cells>=2=75 pairs=2100

OUT-OF-SAMPLE CHECK ONLY (experiments/baseline/2group_8agent_50ep_bline_test.csv, episodes=10)
  rho MLE=0.13423231991344123  rho PIT=0.07096445203995513  rows=1863 cells>=2=388 pairs=4043

=== pre-flight (go/no-go; rho is NEVER tuned to it), 50 repeats ===
group-spread ratio independent  0.7837119164031583
group-spread ratio copula       0.7928150641319318  (rho=0.06958238086256316)
group-spread ratio human        0.8472681041593946
CAVEAT: the AR(1) persistence (phi) cannot appear in a ONE-STEP redraw; this
pre-flight bounds the within-round part only. The compounding is what the sim measures.

wrote artifacts/artificial_humans/group_switching_contribution_50ep_herding_copula_v2/calibration/copula_params.json
  cell_key: episode_round_agent_group
  copula_switch_every: 1
  data_file: experiments/baseline/2group_8agent_50ep_bline_train.csv
  data_file_holdout: experiments/baseline/2group_8agent_50ep_bline_test.csv
  data_note: create_torch_data on the full human file (training defaults), restricted to the 40 single-copy train episodes; teacher-forced marginals from the source model; rows where contribution_valid
  date: 2026-08-27T09:40:34+00:00
  diag_pit: randomized
  diag_pit_rho: 0.045726003288415626
  estimator: pairwise-likelihood MLE of an exchangeable Gaussian copula (rectangle probabilities of each observation's own predicted discrete marginal, Phi_2 by Gauss-Legendre quadrature); rho over within-(episode, round, agent_group) pairs, rho_lag1 over CROSS-PLAYER pairs of consecutive rounds of the same (episode, agent_group); phi = rho_lag1_cross / rho; all-pairs refit is a diagnostic only
  git_head: unavailable: Command '['git', '-C', '/raven/u/certuer/iso_contr_herdcopar1_v2', 'rev-parse', 'HEAD']' returned non-zero exit status 128.
  holdout_rho: 0.13423231991344123
  lag_step: 1
  n_bootstrap: 200
  n_bootstrap_phi: 200
  n_cells: 1608
  n_cross_pairs: 35317
  n_cross_pairs_cross_player: 28714
  n_cross_pairs_self: 6603
  n_episodes: 40
  n_pairs: 15090
  n_rows: 7457
  phi: 1.1588380212468576
  phi_allpairs: 1.1114407681084841
  phi_ci: [0.8256631146532615, 1.6415133722844082]
  phi_drop_reason: None
  phi_kept: True
  phi_verdict: PHI KEPT
  preflight: {'independent': 0.7837119164031583, 'copula': 0.7928150641319318, 'human': 0.8472681041593946}
  rho: 0.06958238086256316
  rho_ci: [0.04592661278794028, 0.0854596547235886]
  rho_lag1_all: 0.07733669483270429
  rho_lag1_cross: 0.0806347085524179
  rho_se: 0.010418260898762315
  roundtrip_max_bias: 0.009462259703284237
  script: scripts/artificial_humans/contribution_copula_rho.py
  seed: 38381
  source_model: artifacts/artificial_humans/group_switching_contribution_50ep/model/architecture_node+edge+rnn__dataset_50ep__epochs_575.pt
  source_model_sha256: 3748e9e12461eaa70c7d5ff5c445e7ac1a54396b928624bf32f5d6b9974925c1
total runtime 715.1s

!!! STOP-ESCALATE: phi = 1.1588380212468576 >= 1.0 -- the AR(1) latent is non-stationary at this estimate. No artifact, no simulation. Escalate to the orchestrator. !!!

=================================
Global information about the job:
=================================

Job owner: certuer(51795)
Job name:  cg_copula_rho
Node list: ravc4115
Job start: Thu Aug 27 11:28:06 CEST 2026
Job end:   Thu Aug 27 11:40:35 CEST 2026
Work dir:  /u/certuer/iso_contr_herdcopar1_v2/.
Command:   /raven/u/certuer/iso_contr_herdcopar1_v2/scripts/artificial_humans/calibrate_copula.slurm



==========================================================================================
Information on jobsteps (Note: MaxRSS/AveRSS is the maximum/average over all
tasks of the per-task memory high-water marks; cf. "man sacct"):
==========================================================================================

JobID            JobName NNodes NTasks  NCPUS       MaxRSS       AveRSS    Elapsed ExitCode
------------- ---------- ------ ------ ------ ------------ ------------ ---------- --------
29666293      cg_copula_      1             8                             00:12:29      1:0

Maximum memory per node: 0.512582 GB (defined as MaxRSS*Ntasks/NNodes)
CPU utilization: 186.0 %
